SQL> 
SQL> drop table AUTHORITY cascade constraints purge;

Table AUTHORITY dropped.

SQL> drop table BIN cascade constraints purge;

Table BIN dropped.

SQL> drop table BIN_PROPERTY cascade constraints purge;

Table BIN_PROPERTY dropped.

SQL> drop table COLLECTION_MADE cascade constraints purge;

Table COLLECTION_MADE dropped.

SQL> drop table COLLECTION_ROUTE cascade constraints purge;

Table COLLECTION_ROUTE dropped.

SQL> drop table CONTRACT cascade constraints purge;

Table CONTRACT dropped.

SQL> drop table CONTRACT_WASTE_TYPE cascade constraints purge;

Table CONTRACT_WASTE_TYPE dropped.

SQL> drop table DRIVER cascade constraints purge;

Table DRIVER dropped.

SQL> drop table OWNER cascade constraints purge;

Table OWNER dropped.

SQL> drop table PROPERTY cascade constraints purge;

Table PROPERTY dropped.

SQL> drop table PROPERTY_OWNER cascade constraints purge;

Table PROPERTY_OWNER dropped.

SQL> drop table STREET cascade constraints purge;

Table STREET dropped.

SQL> drop table SUPPLY_COST cascade constraints purge;

Table SUPPLY_COST dropped.

SQL> drop table TRUCK cascade constraints purge;

Table TRUCK dropped.

SQL> drop table TRUCK_DRIVER cascade constraints purge;

Table TRUCK_DRIVER dropped.

SQL> drop table WASTE_TYPE cascade constraints purge;

Table WASTE_TYPE dropped.

SQL> 
SQL> -- Generated by Oracle SQL Developer Data Modeler 22.2.0.165.1149
SQL> --   at:        2023-05-01 21:56:45 AEST
SQL> --   site:      Oracle Database 12c
SQL> --   type:      Oracle Database 12c
SQL> 
SQL> 
SQL> 
SQL> -- predefined type, no DDL - MDSYS.SDO_GEOMETRY
SQL> 
SQL> -- predefined type, no DDL - XMLTYPE
SQL> 
SQL> CREATE TABLE authority (
  2      auth_name       VARCHAR2(50) NOT NULL,
  3      auth_ceo_fname  VARCHAR2(50) NOT NULL,
  4      auth_ceo_lname  VARCHAR2(50) NOT NULL,
  5      auth_total_area NUMBER(10) NOT NULL,
  6      auth_type       VARCHAR2(50) NOT NULL,
  7      auth_telnumber  CHAR(10) NOT NULL
  8  );

Table AUTHORITY created.

SQL> 
SQL> ALTER TABLE authority
  2      ADD CONSTRAINT authority_type_constraint CHECK ( auth_type IN ( 'Borough', 'City'
  3      , 'District Council', 'Shire', 'Town' ) );

Table AUTHORITY altered.

SQL> 
SQL> COMMENT ON COLUMN authority.auth_name IS
  2      'Authority Name';

Comment created.

SQL> 
SQL> COMMENT ON COLUMN authority.auth_ceo_fname IS
  2      'Authority CEO First Name';

Comment created.

SQL> 
SQL> COMMENT ON COLUMN authority.auth_ceo_lname IS
  2      'Authority CEO Last Name';

Comment created.

SQL> 
SQL> COMMENT ON COLUMN authority.auth_total_area IS
  2      'Authority Total Area';

Comment created.

SQL> 
SQL> COMMENT ON COLUMN authority.auth_type IS
  2      'Authority Type
  3  Must be one of Borough, City, District Council, Shire or Town as defined by 
  4  auhtority_type constraint';

Comment created.

SQL> 
SQL> COMMENT ON COLUMN authority.auth_telnumber IS
  2      'Authority Telephone Number';

Comment created.

SQL> 
SQL> ALTER TABLE authority ADD CONSTRAINT authority_pk PRIMARY KEY ( auth_name );

Table AUTHORITY altered.

SQL> 
SQL> CREATE TABLE bin (
  2      bin_id                   NUMBER(10) NOT NULL,
  3      bin_size                 NUMBER(10) NOT NULL,
  4      waste_type_id            VARCHAR2(50 CHAR) NOT NULL,
  5      bin_standard_supply_cost NUMBER(10, 2) NOT NULL
  6  );

Table BIN created.

SQL> 
SQL> COMMENT ON COLUMN bin.bin_id IS
  2      'bin surrogate key';

Comment created.

SQL> 
SQL> COMMENT ON COLUMN bin.bin_size IS
  2      'size of bin in Liters';

Comment created.

SQL> 
SQL> COMMENT ON COLUMN bin.waste_type_id IS
  2      'type of waste 
  3  
  4  not constained to green waste, landfill, standard recycle and glass so that company can easily add new types of waste for each authority'
  5  ;

Comment created.

SQL> 
SQL> COMMENT ON COLUMN bin.bin_standard_supply_cost IS
  2      'Standard supply cost of a bin in dollars';

Comment created.

SQL> 
SQL> ALTER TABLE bin ADD CONSTRAINT bin_pk PRIMARY KEY ( bin_id );

Table BIN altered.

SQL> 
SQL> ALTER TABLE bin ADD CONSTRAINT bin_nk UNIQUE ( bin_size,
  2                                                 waste_type_id );

Table BIN altered.

SQL> 
SQL> CREATE TABLE bin_property (
  2      bin_property_rfid_tag    CHAR(2 BYTE) NOT NULL,
  3      bin_property_supply_date DATE NOT NULL,
  4      bin_property_repl_reason VARCHAR2(50 CHAR),
  5      bin_property_supply_cost NUMBER(10, 2) NOT NULL,
  6      property_street_no       NUMBER(10) NOT NULL,
  7      street_id                NUMBER(10) NOT NULL,
  8      auth_name                VARCHAR2(50) NOT NULL,
  9      bin_id                   NUMBER(10) NOT NULL
 10  );

Table BIN_PROPERTY created.

SQL> 
SQL> ALTER TABLE bin_property
  2      ADD CONSTRAINT bin_repl_reason_const CHECK ( bin_property_repl_reason IN ( 'Bin Failure'
  3      , 'Damaged by owner', 'Damaged during pickup of waste', 'Stolen' ) );

Table BIN_PROPERTY altered.

SQL> 
SQL> COMMENT ON COLUMN bin_property.bin_property_rfid_tag IS
  2      'id of that particular supplied bin
  3  
  4  Constrained by 2 bytes which is 16 hex';

Comment created.

SQL> 
SQL> COMMENT ON COLUMN bin_property.bin_property_supply_date IS
  2      'Date that the bin was supplied';

Comment created.

SQL> 
SQL> COMMENT ON COLUMN bin_property.bin_property_repl_reason IS
  2      'reason for replacing the bin 
  3  
  4  shortended due to > 30 characters glitch
  5  
  6  Constrained by bin_replacement_reason_constraint to be damaged by owner, bin faileure, damaged duing pickup of waste, stolen'
  7  ;

Comment created.

SQL> 
SQL> COMMENT ON COLUMN bin_property.bin_property_supply_cost IS
  2      'supply cost for a bin to a property (discussion vi), may be differnt to the contract bin supply cost '
  3  ;

Comment created.

SQL> 
SQL> COMMENT ON COLUMN bin_property.property_street_no IS
  2      'Property Street Number';

Comment created.

SQL> 
SQL> COMMENT ON COLUMN bin_property.street_id IS
  2      'Street ID';

Comment created.

SQL> 
SQL> COMMENT ON COLUMN bin_property.auth_name IS
  2      'Authority Name';

Comment created.

SQL> 
SQL> COMMENT ON COLUMN bin_property.bin_id IS
  2      'bin surrogate key';

Comment created.

SQL> 
SQL> ALTER TABLE bin_property ADD CONSTRAINT bin_property_pk PRIMARY KEY ( bin_property_rfid_tag
  2  );

Table BIN_PROPERTY altered.

SQL> 
SQL> CREATE TABLE collection_made (
  2      collection_date            DATE NOT NULL,
  3      contract_no                NUMBER(10) NOT NULL,
  4      bin_property_rfid_tag      CHAR(2 BYTE) NOT NULL,
  5      collection_made_weight     NUMBER(10) NOT NULL,
  6      collection_made_overweight CHAR(1) NOT NULL
  7  );

Table COLLECTION_MADE created.

SQL> 
SQL> ALTER TABLE collection_made
  2      ADD CONSTRAINT cm_overweight_constr CHECK ( collection_made_overweight IN ( 'N', 'Y'
  3      ) );

Table COLLECTION_MADE altered.

SQL> 
SQL> COMMENT ON COLUMN collection_made.collection_date IS
  2      'Collection Date';

Comment created.

SQL> 
SQL> COMMENT ON COLUMN collection_made.contract_no IS
  2      'Contract Number';

Comment created.

SQL> 
SQL> COMMENT ON COLUMN collection_made.bin_property_rfid_tag IS
  2      'id of that particular supplied bin
  3  
  4  Constrained by 2 bytes which is 16 hex';

Comment created.

SQL> 
SQL> COMMENT ON COLUMN collection_made.collection_made_weight IS
  2      'Weight of Collection Made
  3  
  4  discussion ix is constrained by primary key of date and bin such that the same bin(which has one waste type) cannot be collected twice on the same day
  5  ';

Comment created.

SQL> 
SQL> COMMENT ON COLUMN collection_made.collection_made_overweight IS
  2      'Collection Made OverWeight
  3  
  4  constrained by Y and N 
  5  If the bin is flagged as overweight (Y) is added';

Comment created.

SQL> 
SQL> ALTER TABLE collection_made
  2      ADD CONSTRAINT collection_made_pk PRIMARY KEY ( collection_date,
  3                                                      contract_no,
  4                                                      bin_property_rfid_tag );

Table COLLECTION_MADE altered.

SQL> 
SQL> CREATE TABLE collection_route (
  2      collection_date DATE NOT NULL,
  3      contract_no     NUMBER(10) NOT NULL,
  4      truck_vin       CHAR(17) NOT NULL,
  5      driver_no       NUMBER(10) NOT NULL
  6  );

Table COLLECTION_ROUTE created.

SQL> 
SQL> COMMENT ON COLUMN collection_route.collection_date IS
  2      'Collection Date';

Comment created.

SQL> 
SQL> COMMENT ON COLUMN collection_route.contract_no IS
  2      'Contract Number';

Comment created.

SQL> 
SQL> COMMENT ON COLUMN collection_route.truck_vin IS
  2      'Truck VIN';

Comment created.

SQL> 
SQL> COMMENT ON COLUMN collection_route.driver_no IS
  2      'Driver Number';

Comment created.

SQL> 
SQL> ALTER TABLE collection_route ADD CONSTRAINT collection_route_pk PRIMARY KEY ( collection_date
  2  ,
  3                                                                                contract_no
  4                                                                                );

Table COLLECTION_ROUTE altered.

SQL> 
SQL> CREATE TABLE contract (
  2      contract_no         NUMBER(10) NOT NULL,
  3      contract_start_date DATE NOT NULL,
  4      contract_end_date   DATE NOT NULL,
  5      auth_name           VARCHAR2(50) NOT NULL
  6  );

Table CONTRACT created.

SQL> 
SQL> COMMENT ON COLUMN contract.contract_no IS
  2      'Contract Number';

Comment created.

SQL> 
SQL> COMMENT ON COLUMN contract.contract_start_date IS
  2      'Date that the contract started';

Comment created.

SQL> 
SQL> COMMENT ON COLUMN contract.contract_end_date IS
  2      'Date that the contract will (or has) ended';

Comment created.

SQL> 
SQL> COMMENT ON COLUMN contract.auth_name IS
  2      'Authority Name';

Comment created.

SQL> 
SQL> ALTER TABLE contract ADD CONSTRAINT contract_pk PRIMARY KEY ( contract_no );

Table CONTRACT altered.

SQL> 
SQL> CREATE TABLE contract_waste_type (
  2      cwt_id                   NUMBER(10) NOT NULL,
  3      contract_no              NUMBER(10) NOT NULL,
  4      waste_type_id            VARCHAR2(50 CHAR) NOT NULL,
  5      cwt_collection_cost      NUMBER(10, 2) NOT NULL,
  6      cwt_collection_frequency VARCHAR2(50) NOT NULL
  7  );

Table CONTRACT_WASTE_TYPE created.

SQL> 
SQL> ALTER TABLE contract_waste_type
  2      ADD CONSTRAINT cwt_collection_frequency CHECK ( cwt_collection_frequency IN ( 'Fortnightly'
  3      , 'Monthly', 'Weekly' ) );

Table CONTRACT_WASTE_TYPE altered.

SQL> 
SQL> COMMENT ON COLUMN contract_waste_type.cwt_id IS
  2      'contract waste type surrogate key';

Comment created.

SQL> 
SQL> COMMENT ON COLUMN contract_waste_type.contract_no IS
  2      'Contract Number';

Comment created.

SQL> 
SQL> COMMENT ON COLUMN contract_waste_type.waste_type_id IS
  2      'type of waste 
  3  
  4  not constained to green waste, landfill, standard recycle and glass so that company can easily add new types of waste for each authority'
  5  ;

Comment created.

SQL> 
SQL> COMMENT ON COLUMN contract_waste_type.cwt_collection_cost IS
  2      'collection cost in dollars per kilogram';

Comment created.

SQL> 
SQL> COMMENT ON COLUMN contract_waste_type.cwt_collection_frequency IS
  2      'Contract Waste Type Collection Frequency
  3  
  4  cwt_collection_frequency constrains to Weekly, Fortnightly and Monthly';

Comment created.

SQL> 
SQL> ALTER TABLE contract_waste_type ADD CONSTRAINT contract_waste_type_pk PRIMARY KEY ( cwt_id
  2  );

Table CONTRACT_WASTE_TYPE altered.

SQL> 
SQL> ALTER TABLE contract_waste_type ADD CONSTRAINT contract_waste_type_nk UNIQUE ( waste_type_id
  2  ,
  3                                                                                 contract_no
  4                                                                                 );

Table CONTRACT_WASTE_TYPE altered.

SQL> 
SQL> CREATE TABLE driver (
  2      driver_no             NUMBER(10) NOT NULL,
  3      driver_contact_number CHAR(10) NOT NULL,
  4      driver_license_number CHAR(9) NOT NULL,
  5      driver_name           VARCHAR2(50) NOT NULL,
  6      driver_dob            DATE NOT NULL,
  7      driver_tfn            CHAR(9) NOT NULL
  8  );

Table DRIVER created.

SQL> 
SQL> COMMENT ON COLUMN driver.driver_no IS
  2      'Driver Number';

Comment created.

SQL> 
SQL> COMMENT ON COLUMN driver.driver_contact_number IS
  2      'Driver Contact Number';

Comment created.

SQL> 
SQL> COMMENT ON COLUMN driver.driver_license_number IS
  2      'Driver License Number';

Comment created.

SQL> 
SQL> COMMENT ON COLUMN driver.driver_name IS
  2      'Driver Name';

Comment created.

SQL> 
SQL> COMMENT ON COLUMN driver.driver_dob IS
  2      'Driver Date of Birth';

Comment created.

SQL> 
SQL> COMMENT ON COLUMN driver.driver_tfn IS
  2      'Driver TFN';

Comment created.

SQL> 
SQL> ALTER TABLE driver ADD CONSTRAINT driver_pk PRIMARY KEY ( driver_no );

Table DRIVER altered.

SQL> 
SQL> CREATE TABLE owner (
  2      owner_id           NUMBER(10) NOT NULL,
  3      owner_name         VARCHAR2(50) NOT NULL,
  4      owner_email        VARCHAR2(50) NOT NULL,
  5      owner_phone_number CHAR(10) NOT NULL
  6  );

Table OWNER created.

SQL> 
SQL> COMMENT ON COLUMN owner.owner_id IS
  2      'Owner ID';

Comment created.

SQL> 
SQL> COMMENT ON COLUMN owner.owner_name IS
  2      'Owner Name';

Comment created.

SQL> 
SQL> COMMENT ON COLUMN owner.owner_email IS
  2      'Owner Email';

Comment created.

SQL> 
SQL> COMMENT ON COLUMN owner.owner_phone_number IS
  2      'Owner Phone Number';

Comment created.

SQL> 
SQL> ALTER TABLE owner ADD CONSTRAINT owner_pk PRIMARY KEY ( owner_id );

Table OWNER altered.

SQL> 
SQL> CREATE TABLE property (
  2      property_street_no NUMBER(10) NOT NULL,
  3      street_id          NUMBER(10) NOT NULL,
  4      auth_name          VARCHAR2(50) NOT NULL
  5  );

Table PROPERTY created.

SQL> 
SQL> COMMENT ON COLUMN property.property_street_no IS
  2      'Property Street Number';

Comment created.

SQL> 
SQL> COMMENT ON COLUMN property.street_id IS
  2      'Street ID';

Comment created.

SQL> 
SQL> COMMENT ON COLUMN property.auth_name IS
  2      'Authority Name';

Comment created.

SQL> 
SQL> ALTER TABLE property
  2      ADD CONSTRAINT property_pk PRIMARY KEY ( property_street_no,
  3                                               street_id,
  4                                               auth_name );

Table PROPERTY altered.

SQL> 
SQL> CREATE TABLE property_owner (
  2      property_street_no NUMBER(10) NOT NULL,
  3      owner_id           NUMBER(10) NOT NULL,
  4      street_id          NUMBER(10) NOT NULL,
  5      auth_name          VARCHAR2(50) NOT NULL
  6  );

Table PROPERTY_OWNER created.

SQL> 
SQL> COMMENT ON COLUMN property_owner.property_street_no IS
  2      'Property Street Number';

Comment created.

SQL> 
SQL> COMMENT ON COLUMN property_owner.owner_id IS
  2      'Owner ID';

Comment created.

SQL> 
SQL> COMMENT ON COLUMN property_owner.street_id IS
  2      'Street ID';

Comment created.

SQL> 
SQL> COMMENT ON COLUMN property_owner.auth_name IS
  2      'Authority Name';

Comment created.

SQL> 
SQL> ALTER TABLE property_owner
  2      ADD CONSTRAINT property_owner_pk PRIMARY KEY ( property_street_no,
  3                                                     street_id,
  4                                                     auth_name,
  5                                                     owner_id );

Table PROPERTY_OWNER altered.

SQL> 
SQL> CREATE TABLE street (
  2      street_id          NUMBER(10) NOT NULL,
  3      auth_name          VARCHAR2(50) NOT NULL,
  4      street_name        VARCHAR2(50) NOT NULL,
  5      street_length      NUMBER(10) NOT NULL,
  6      street_road_type   VARCHAR2(50) NOT NULL,
  7      street_lane_number NUMBER(10) NOT NULL
  8  );

Table STREET created.

SQL> 
SQL> ALTER TABLE street
  2      ADD CONSTRAINT street_road_type_constraint CHECK ( street_road_type IN ( 'Asphalt'
  3      , 'Concrete', 'Unsealed' ) );

Table STREET altered.

SQL> 
SQL> COMMENT ON COLUMN street.street_id IS
  2      'Street ID';

Comment created.

SQL> 
SQL> COMMENT ON COLUMN street.auth_name IS
  2      'Authority Name';

Comment created.

SQL> 
SQL> COMMENT ON COLUMN street.street_name IS
  2      'Street Name';

Comment created.

SQL> 
SQL> COMMENT ON COLUMN street.street_length IS
  2      'Street Length';

Comment created.

SQL> 
SQL> COMMENT ON COLUMN street.street_road_type IS
  2      'Street Road Type
  3  Constrained to be Ashpalt, concrete or unsealed by street_road_type_constraint';

Comment created.

SQL> 
SQL> COMMENT ON COLUMN street.street_lane_number IS
  2      'Street Lane Number';

Comment created.

SQL> 
SQL> ALTER TABLE street ADD CONSTRAINT street_pk PRIMARY KEY ( street_id,
  2                                                            auth_name );

Table STREET altered.

SQL> 
SQL> CREATE TABLE supply_cost (
  2      supply_cost_contract NUMBER(10, 2) NOT NULL,
  3      cwt_id               NUMBER(10) NOT NULL,
  4      bin_id               NUMBER(10) NOT NULL
  5  );

Table SUPPLY_COST created.

SQL> 
SQL> COMMENT ON COLUMN supply_cost.supply_cost_contract IS
  2      'bin supply cost defined in the contract';

Comment created.

SQL> 
SQL> COMMENT ON COLUMN supply_cost.cwt_id IS
  2      'contract waste type surrogate key';

Comment created.

SQL> 
SQL> COMMENT ON COLUMN supply_cost.bin_id IS
  2      'bin surrogate key';

Comment created.

SQL> 
SQL> ALTER TABLE supply_cost ADD CONSTRAINT supply_cost_pk PRIMARY KEY ( cwt_id,
  2                                                                      bin_id );

Table SUPPLY_COST altered.

SQL> 
SQL> CREATE TABLE truck (
  2      truck_vin     CHAR(17) NOT NULL,
  3      truck_rego_no CHAR(9) NOT NULL,
  4      truck_make    VARCHAR2(50) NOT NULL,
  5      truck_model   VARCHAR2(50),
  6      truck_year    DATE NOT NULL
  7  );

Table TRUCK created.

SQL> 
SQL> COMMENT ON COLUMN truck.truck_vin IS
  2      'Truck VIN';

Comment created.

SQL> 
SQL> COMMENT ON COLUMN truck.truck_rego_no IS
  2      'Truck Rego Number';

Comment created.

SQL> 
SQL> COMMENT ON COLUMN truck.truck_make IS
  2      'Truck Maker';

Comment created.

SQL> 
SQL> COMMENT ON COLUMN truck.truck_model IS
  2      'Truck Model';

Comment created.

SQL> 
SQL> COMMENT ON COLUMN truck.truck_year IS
  2      'Truck Year';

Comment created.

SQL> 
SQL> ALTER TABLE truck ADD CONSTRAINT truck_pk PRIMARY KEY ( truck_vin );

Table TRUCK altered.

SQL> 
SQL> CREATE TABLE truck_driver (
  2      truck_vin             CHAR(17) NOT NULL,
  3      driver_no             NUMBER(10) NOT NULL,
  4      truck_driver_approved CHAR(1 CHAR) NOT NULL
  5  );

Table TRUCK_DRIVER created.

SQL> 
SQL> ALTER TABLE truck_driver
  2      ADD CONSTRAINT td_approved_constraint CHECK ( truck_driver_approved IN ( 'N', 'Y'
  3      ) );

Table TRUCK_DRIVER altered.

SQL> 
SQL> COMMENT ON COLUMN truck_driver.truck_vin IS
  2      'Truck VIN';

Comment created.

SQL> 
SQL> COMMENT ON COLUMN truck_driver.driver_no IS
  2      'Driver Number';

Comment created.

SQL> 
SQL> COMMENT ON COLUMN truck_driver.truck_driver_approved IS
  2      'Indicates if the truck diver is approved to drive that car
  3  Constrained by Y and N in truct_driver_approved_constraint';

Comment created.

SQL> 
SQL> ALTER TABLE truck_driver ADD CONSTRAINT truck_driver_pk PRIMARY KEY ( truck_vin,
  2                                                                        driver_no );

Table TRUCK_DRIVER altered.

SQL> 
SQL> CREATE TABLE waste_type (
  2      waste_type_id          VARCHAR2(50 CHAR) NOT NULL,
  3      waste_type_description VARCHAR2(50 CHAR)
  4  );

Table WASTE_TYPE created.

SQL> 
SQL> COMMENT ON COLUMN waste_type.waste_type_id IS
  2      'type of waste 
  3  
  4  not constained to green waste, landfill, standard recycle and glass so that company can easily add new types of waste for each authority'
  5  ;

Comment created.

SQL> 
SQL> COMMENT ON COLUMN waste_type.waste_type_description IS
  2      'description about the type of waste';

Comment created.

SQL> 
SQL> ALTER TABLE waste_type ADD CONSTRAINT waste_type_pk PRIMARY KEY ( waste_type_id );

Table WASTE_TYPE altered.

SQL> 
SQL> ALTER TABLE contract
  2      ADD CONSTRAINT authority_contract FOREIGN KEY ( auth_name )
  3          REFERENCES authority ( auth_name );

Table CONTRACT altered.

SQL> 
SQL> ALTER TABLE street
  2      ADD CONSTRAINT authority_street FOREIGN KEY ( auth_name )
  3          REFERENCES authority ( auth_name );

Table STREET altered.

SQL> 
SQL> ALTER TABLE bin_property
  2      ADD CONSTRAINT bin_bin_property FOREIGN KEY ( bin_id )
  3          REFERENCES bin ( bin_id );

Table BIN_PROPERTY altered.

SQL> 
SQL> ALTER TABLE collection_made
  2      ADD CONSTRAINT bin_collection_made FOREIGN KEY ( bin_property_rfid_tag )
  3          REFERENCES bin_property ( bin_property_rfid_tag );

Table COLLECTION_MADE altered.

SQL> 
SQL> ALTER TABLE supply_cost
  2      ADD CONSTRAINT bin_supp_cost FOREIGN KEY ( bin_id )
  3          REFERENCES bin ( bin_id );

Table SUPPLY_COST altered.

SQL> 
SQL> ALTER TABLE collection_made
  2      ADD CONSTRAINT c_route_c_made FOREIGN KEY ( collection_date,
  3                                                  contract_no )
  4          REFERENCES collection_route ( collection_date,
  5                                        contract_no );

Table COLLECTION_MADE altered.

SQL> 
SQL> ALTER TABLE collection_route
  2      ADD CONSTRAINT contract_collection_route FOREIGN KEY ( contract_no )
  3          REFERENCES contract ( contract_no );

Table COLLECTION_ROUTE altered.

SQL> 
SQL> ALTER TABLE contract_waste_type
  2      ADD CONSTRAINT contract_contract_waste_type FOREIGN KEY ( contract_no )
  3          REFERENCES contract ( contract_no );

Table CONTRACT_WASTE_TYPE altered.

SQL> 
SQL> ALTER TABLE supply_cost
  2      ADD CONSTRAINT cwt_supply_cost FOREIGN KEY ( cwt_id )
  3          REFERENCES contract_waste_type ( cwt_id );

Table SUPPLY_COST altered.

SQL> 
SQL> ALTER TABLE collection_route
  2      ADD CONSTRAINT driver_collection_route FOREIGN KEY ( driver_no )
  3          REFERENCES driver ( driver_no );

Table COLLECTION_ROUTE altered.

SQL> 
SQL> ALTER TABLE truck_driver
  2      ADD CONSTRAINT driver_truck_driver FOREIGN KEY ( driver_no )
  3          REFERENCES driver ( driver_no );

Table TRUCK_DRIVER altered.

SQL> 
SQL> ALTER TABLE property_owner
  2      ADD CONSTRAINT owner_property_owner FOREIGN KEY ( owner_id )
  3          REFERENCES owner ( owner_id );

Table PROPERTY_OWNER altered.

SQL> 
SQL> ALTER TABLE property_owner
  2      ADD CONSTRAINT property_property_owner FOREIGN KEY ( property_street_no,
  3                                                           street_id,
  4                                                           auth_name )
  5          REFERENCES property ( property_street_no,
  6                                street_id,
  7                                auth_name );

Table PROPERTY_OWNER altered.

SQL> 
SQL> ALTER TABLE bin_property
  2      ADD CONSTRAINT property_property_ownerv2 FOREIGN KEY ( property_street_no,
  3                                                             street_id,
  4                                                             auth_name )
  5          REFERENCES property ( property_street_no,
  6                                street_id,
  7                                auth_name );

Table BIN_PROPERTY altered.

SQL> 
SQL> ALTER TABLE property
  2      ADD CONSTRAINT street_property FOREIGN KEY ( street_id,
  3                                                   auth_name )
  4          REFERENCES street ( street_id,
  5                              auth_name );

Table PROPERTY altered.

SQL> 
SQL> ALTER TABLE collection_route
  2      ADD CONSTRAINT truck_collection_route FOREIGN KEY ( truck_vin )
  3          REFERENCES truck ( truck_vin );

Table COLLECTION_ROUTE altered.

SQL> 
SQL> ALTER TABLE truck_driver
  2      ADD CONSTRAINT truck_truck_driver FOREIGN KEY ( truck_vin )
  3          REFERENCES truck ( truck_vin );

Table TRUCK_DRIVER altered.

SQL> 
SQL> ALTER TABLE bin
  2      ADD CONSTRAINT waste_type_bin FOREIGN KEY ( waste_type_id )
  3          REFERENCES waste_type ( waste_type_id );

Table BIN altered.

SQL> 
SQL> ALTER TABLE contract_waste_type
  2      ADD CONSTRAINT waste_type_contract_waste_type FOREIGN KEY ( waste_type_id )
  3          REFERENCES waste_type ( waste_type_id );

Table CONTRACT_WASTE_TYPE altered.

SQL> 
SQL> 
SQL> 
SQL> -- Oracle SQL Developer Data Modeler Summary Report: 
SQL> -- 
SQL> -- CREATE TABLE                            16
SQL> -- CREATE INDEX                             0
SQL> -- ALTER TABLE                             43
SQL> -- CREATE VIEW                              0
SQL> -- ALTER VIEW                               0
SQL> -- CREATE PACKAGE                           0
SQL> -- CREATE PACKAGE BODY                      0
SQL> -- CREATE PROCEDURE                         0
SQL> -- CREATE FUNCTION                          0
SQL> -- CREATE TRIGGER                           0
SQL> -- ALTER TRIGGER                            0
SQL> -- CREATE COLLECTION TYPE                   0
SQL> -- CREATE STRUCTURED TYPE                   0
SQL> -- CREATE STRUCTURED TYPE BODY              0
SQL> -- CREATE CLUSTER                           0
SQL> -- CREATE CONTEXT                           0
SQL> -- CREATE DATABASE                          0
SQL> -- CREATE DIMENSION                         0
SQL> -- CREATE DIRECTORY                         0
SQL> -- CREATE DISK GROUP                        0
SQL> -- CREATE ROLE                              0
SQL> -- CREATE ROLLBACK SEGMENT                  0
SQL> -- CREATE SEQUENCE                          0
SQL> -- CREATE MATERIALIZED VIEW                 0
SQL> -- CREATE MATERIALIZED VIEW LOG             0
SQL> -- CREATE SYNONYM                           0
SQL> -- CREATE TABLESPACE                        0
SQL> -- CREATE USER                              0
SQL> -- 
SQL> -- DROP TABLESPACE                          0
SQL> -- DROP DATABASE                            0
SQL> -- 
SQL> -- REDACTION POLICY                         0
SQL> -- TSDP POLICY                              0
SQL> -- 
SQL> -- ORDS DROP SCHEMA                         0
SQL> -- ORDS ENABLE SCHEMA                       0
SQL> -- ORDS ENABLE OBJECT                       0
SQL> -- 
SQL> -- ERRORS                                   0
SQL> -- WARNINGS                                 0
SQL> 
SQL> 
SQL> SPOOL OFF
